
> textingdeploy@0.1.0 build
> next build

Ôû▓ Next.js 16.2.1 (Turbopack)

  Creating an optimized production build ...
node.exe : 
At line:1 char:1
+ & "C:\Program 
Files\nodejs/node.exe" 
"C:\Program 
Files\nodejs/node_mo 
...
+ ~~~~~~~~~~~~~~~~~~~~~
~~~~~~~~~~~~~~~~~~~~~~~
~~~~~~~~~~~~~~~~~~~~~~~
~~
    + CategoryInfo     
         : 
NotSpecified: (:St    
ring) [], RemoteExcept 
   ion
    + 
FullyQualifiedErrorI   
 d : NativeCommandError
 
> Build error occurred
Error: Turbopack build 
failed with 4 errors:
./app/actions.ts:3:1
Module not found: 
Can't resolve '@/db'
  [90m1 |[0m 
[32m"use server"[0m
  [90m2 |[0m
[31m[1m>[0m [90m3 
|[0m [36mimport[0m 
{ db } [36mfrom[0m 
[32m"@/db"[0m;
  [90m  |[0m [31m[1
m^^^^^^^^^^^^^^^^^^^^^^
^^^^[0m
  [90m4 |[0m 
[36mimport[0m { 
students, courses, 
enrollments } 
[36mfrom[0m 
[32m"@/db/schema"[0m;
  [90m5 |[0m 
[36mimport[0m { eq, 
and } [36mfrom[0m 
[32m"drizzle-orm"[0m;
  [90m6 |[0m

Import map: aliased to 
relative './src/db' 
inside of [project]/


https://nextjs.org/docs
/messages/module-not-fo
und


./app/page.tsx:1:1
Module not found: 
Can't resolve '@/db'
[31m[1m>[0m [90m1 
|[0m [36mimport[0m 
{ db } [36mfrom[0m 
[32m"@/db"[0m;
  [90m  |[0m [31m[1
m^^^^^^^^^^^^^^^^^^^^^^
^^^^[0m
  [90m2 |[0m 
[36mimport[0m { 
students, courses } 
[36mfrom[0m 
[32m"@/db/schema"[0m;
  [90m3 |[0m 
[36mimport[0m [33mEn
rollmentForm[0m 
[36mfrom[0m [32m"./c
omponents/EnrollmentFor
m"[0m;
  [90m4 |[0m

Import map: aliased to 
relative './src/db' 
inside of [project]/


https://nextjs.org/docs
/messages/module-not-fo
und


./app/actions.ts:4:1
Module not found: 
Can't resolve 
'@/db/schema'
  [90m2 |[0m
  [90m3 |[0m 
[36mimport[0m { db } 
[36mfrom[0m 
[32m"@/db"[0m;
[31m[1m>[0m [90m4 
|[0m [36mimport[0m 
{ students, courses, 
enrollments } 
[36mfrom[0m 
[32m"@/db/schema"[0m;
  [90m  |[0m [31m[1
m^^^^^^^^^^^^^^^^^^^^^^
^^^^^^^^^^^^^^^^^^^^^^^
^^^^^^^^^^^^^^^^[0m
  [90m5 |[0m 
[36mimport[0m { eq, 
and } [36mfrom[0m 
[32m"drizzle-orm"[0m;
  [90m6 |[0m
  [90m7 |[0m 
[36mexport[0m 
[36masync[0m 
[36mfunction[0m 
registerStudent(data: 
{ name: string; email: 
string }) {

Import map: aliased to 
relative 
'./src/db/schema' 
inside of [project]/


https://nextjs.org/docs
/messages/module-not-fo
und


./app/page.tsx:2:1
Module not found: 
Can't resolve 
'@/db/schema'
  [90m1 |[0m 
[36mimport[0m { db } 
[36mfrom[0m 
[32m"@/db"[0m;
[31m[1m>[0m [90m2 
|[0m [36mimport[0m 
{ students, courses } 
[36mfrom[0m 
[32m"@/db/schema"[0m;
  [90m  |[0m [31m[1
m^^^^^^^^^^^^^^^^^^^^^^
^^^^^^^^^^^^^^^^^^^^^^^
^^^[0m
  [90m3 |[0m 
[36mimport[0m [33mEn
rollmentForm[0m 
[36mfrom[0m [32m"./c
omponents/EnrollmentFor
m"[0m;
  [90m4 |[0m
  [90m5 |[0m 
[36mexport[0m 
[36mdefault[0m 
[36masync[0m 
[36mfunction[0m 
[33mHome[0m() {

Import map: aliased to 
relative 
'./src/db/schema' 
inside of [project]/


https://nextjs.org/docs
/messages/module-not-fo
und


    at <unknown> 
(./app/actions.ts:3:1)
    at <unknown> (https
://nextjs.org/docs/mess
ages/module-not-found)
    at <unknown> 
(./app/page.tsx:1:1)
    at <unknown> (https
://nextjs.org/docs/mess
ages/module-not-found)
    at <unknown> 
(./app/actions.ts:4:1)
    at <unknown> (https
://nextjs.org/docs/mess
ages/module-not-found)
    at <unknown> 
(./app/page.tsx:2:1)
    at <unknown> (https
://nextjs.org/docs/mess
ages/module-not-found)
